// Jest Snapshot v1, https://goo.gl/fbAQLP

exports[`Image actions check status of menu actions in viewer and preview when has security 1`] = `
[
  AssemblyActionGroup {
    "actions": [
      {
        "action": [Function],
        "enabled": [Function],
        "icon": [Function],
        "id": [Function],
        "label": [Function],
        "visible": [Function],
      },
      {
        "action": [Function],
        "enabled": [Function],
        "icon": [Function],
        "id": [Function],
        "label": [Function],
        "visible": [Function],
      },
      {
        "action": [Function],
        "enabled": [Function],
        "icon": [Function],
        "id": [Function],
        "label": [Function],
        "visible": [Function],
      },
      {
        "action": [Function],
        "enabled": [Function],
        "icon": [Function],
        "id": [Function],
        "label": [Function],
        "visible": [Function],
      },
      {
        "action": [Function],
        "enabled": [Function],
        "icon": [Function],
        "id": [Function],
        "label": [Function],
        "visible": [Function],
      },
    ],
    "icon": [Function],
    "label": [Function],
  },
  AssemblyActionGroup {
    "actions": [
      {
        "action": [Function],
        "enabled": [Function],
        "icon": [Function],
        "id": [Function],
        "label": [Function],
        "visible": [Function],
      },
      {
        "action": [Function],
        "enabled": [Function],
        "icon": [Function],
        "id": [Function],
        "label": [Function],
        "visible": [Function],
      },
    ],
    "icon": [Function],
    "label": [Function],
  },
  AssemblyActionGroup {
    "actions": [
      {
        "action": [Function],
        "enabled": [Function],
        "icon": [Function],
        "id": [Function],
        "label": [Function],
        "visible": [Function],
      },
      {
        "action": [Function],
        "enabled": [Function],
        "icon": [Function],
        "id": [Function],
        "label": [Function],
        "visible": [Function],
      },
    ],
    "icon": [Function],
    "label": [Function],
  },
  AssemblyActionGroup {
    "actions": [
      {
        "action": [Function],
        "enabled": [Function],
        "icon": [Function],
        "id": [Function],
        "label": [Function],
        "visible": [Function],
      },
      {
        "action": [Function],
        "enabled": [Function],
        "icon": [Function],
        "id": [Function],
        "label": [Function],
        "visible": [Function],
      },
      {
        "action": [Function],
        "enabled": [Function],
        "icon": [Function],
        "id": [Function],
        "label": [Function],
        "visible": [Function],
      },
      {
        "action": [Function],
        "enabled": [Function],
        "icon": [Function],
        "id": [Function],
        "label": [Function],
        "visible": [Function],
      },
      {
        "action": [Function],
        "enabled": [Function],
        "icon": [Function],
        "id": [Function],
        "label": [Function],
        "visible": [Function],
      },
    ],
    "icon": [Function],
    "label": [Function],
  },
  AssemblyActionGroup {
    "actions": [
      {
        "action": [Function],
        "enabled": [Function],
        "icon": [Function],
        "id": [Function],
        "label": [Function],
        "visible": [Function],
      },
      {
        "action": [Function],
        "enabled": [Function],
        "icon": [Function],
        "id": [Function],
        "label": [Function],
        "visible": [Function],
      },
      {
        "action": [Function],
        "enabled": [Function],
        "icon": [Function],
        "id": [Function],
        "label": [Function],
        "visible": [Function],
      },
      {
        "action": [Function],
        "enabled": [Function],
        "icon": [Function],
        "id": [Function],
        "label": [Function],
        "visible": [Function],
      },
    ],
    "icon": [Function],
    "label": [Function],
  },
  AssemblyActionGroup {
    "actions": [
      {
        "action": [Function],
        "enabled": [Function],
        "icon": [Function],
        "id": [Function],
        "label": [Function],
        "visible": [Function],
      },
      {
        "action": [Function],
        "enabled": [Function],
        "icon": [Function],
        "id": [Function],
        "label": [Function],
        "visible": [Function],
      },
      {
        "action": [Function],
        "enabled": [Function],
        "icon": [Function],
        "id": [Function],
        "label": [Function],
        "visible": [Function],
      },
    ],
    "icon": [Function],
    "label": [Function],
  },
]
`;

exports[`Image actions check status of menu actions in viewer and preview when has security 2`] = `
[
  AssemblyActionGroup {
    "actions": [
      {
        "action": [Function],
        "enabled": [Function],
        "icon": [Function],
        "id": [Function],
        "label": [Function],
        "visible": [Function],
      },
      {
        "action": [Function],
        "enabled": [Function],
        "icon": [Function],
        "id": [Function],
        "label": [Function],
        "visible": [Function],
      },
      {
        "action": [Function],
        "enabled": [Function],
        "icon": [Function],
        "id": [Function],
        "label": [Function],
        "visible": [Function],
      },
      {
        "action": [Function],
        "enabled": [Function],
        "icon": [Function],
        "id": [Function],
        "label": [Function],
        "visible": [Function],
      },
      {
        "action": [Function],
        "enabled": [Function],
        "icon": [Function],
        "id": [Function],
        "label": [Function],
        "visible": [Function],
      },
    ],
    "icon": [Function],
    "label": [Function],
  },
  AssemblyActionGroup {
    "actions": [
      {
        "action": [Function],
        "enabled": [Function],
        "icon": [Function],
        "id": [Function],
        "label": [Function],
        "visible": [Function],
      },
      {
        "action": [Function],
        "enabled": [Function],
        "icon": [Function],
        "id": [Function],
        "label": [Function],
        "visible": [Function],
      },
    ],
    "icon": [Function],
    "label": [Function],
  },
  AssemblyActionGroup {
    "actions": [
      {
        "action": [Function],
        "enabled": [Function],
        "icon": [Function],
        "id": [Function],
        "label": [Function],
        "visible": [Function],
      },
      {
        "action": [Function],
        "enabled": [Function],
        "icon": [Function],
        "id": [Function],
        "label": [Function],
        "visible": [Function],
      },
    ],
    "icon": [Function],
    "label": [Function],
  },
  AssemblyActionGroup {
    "actions": [
      {
        "action": [Function],
        "enabled": [Function],
        "icon": [Function],
        "id": [Function],
        "label": [Function],
        "visible": [Function],
      },
      {
        "action": [Function],
        "enabled": [Function],
        "icon": [Function],
        "id": [Function],
        "label": [Function],
        "visible": [Function],
      },
      {
        "action": [Function],
        "enabled": [Function],
        "icon": [Function],
        "id": [Function],
        "label": [Function],
        "visible": [Function],
      },
      {
        "action": [Function],
        "enabled": [Function],
        "icon": [Function],
        "id": [Function],
        "label": [Function],
        "visible": [Function],
      },
      {
        "action": [Function],
        "enabled": [Function],
        "icon": [Function],
        "id": [Function],
        "label": [Function],
        "visible": [Function],
      },
    ],
    "icon": [Function],
    "label": [Function],
  },
  AssemblyActionGroup {
    "actions": [
      {
        "action": [Function],
        "enabled": [Function],
        "icon": [Function],
        "id": [Function],
        "label": [Function],
        "visible": [Function],
      },
      {
        "action": [Function],
        "enabled": [Function],
        "icon": [Function],
        "id": [Function],
        "label": [Function],
        "visible": [Function],
      },
      {
        "action": [Function],
        "enabled": [Function],
        "icon": [Function],
        "id": [Function],
        "label": [Function],
        "visible": [Function],
      },
      {
        "action": [Function],
        "enabled": [Function],
        "icon": [Function],
        "id": [Function],
        "label": [Function],
        "visible": [Function],
      },
    ],
    "icon": [Function],
    "label": [Function],
  },
  AssemblyActionGroup {
    "actions": [
      {
        "action": [Function],
        "enabled": [Function],
        "icon": [Function],
        "id": [Function],
        "label": [Function],
        "visible": [Function],
      },
      {
        "action": [Function],
        "enabled": [Function],
        "icon": [Function],
        "id": [Function],
        "label": [Function],
        "visible": [Function],
      },
      {
        "action": [Function],
        "enabled": [Function],
        "icon": [Function],
        "id": [Function],
        "label": [Function],
        "visible": [Function],
      },
    ],
    "icon": [Function],
    "label": [Function],
  },
]
`;

exports[`Image actions should create composer menu actions 1`] = `
[
  AssemblyActionGroup {
    "actions": [
      {
        "action": [Function],
        "enabled": [Function],
        "icon": [Function],
        "id": [Function],
        "label": [Function],
        "visible": [Function],
      },
      {
        "action": [Function],
        "enabled": [Function],
        "icon": [Function],
        "id": [Function],
        "label": [Function],
        "visible": [Function],
      },
      {
        "action": [Function],
        "enabled": [Function],
        "icon": [Function],
        "id": [Function],
        "label": [Function],
        "visible": [Function],
      },
      {
        "action": [Function],
        "enabled": [Function],
        "icon": [Function],
        "id": [Function],
        "label": [Function],
        "visible": [Function],
      },
      {
        "action": [Function],
        "enabled": [Function],
        "icon": [Function],
        "id": [Function],
        "label": [Function],
        "visible": [Function],
      },
    ],
    "icon": [Function],
    "label": [Function],
  },
  AssemblyActionGroup {
    "actions": [
      {
        "action": [Function],
        "enabled": [Function],
        "icon": [Function],
        "id": [Function],
        "label": [Function],
        "visible": [Function],
      },
      {
        "action": [Function],
        "enabled": [Function],
        "icon": [Function],
        "id": [Function],
        "label": [Function],
        "visible": [Function],
      },
    ],
    "icon": [Function],
    "label": [Function],
  },
  AssemblyActionGroup {
    "actions": [
      {
        "action": [Function],
        "enabled": [Function],
        "icon": [Function],
        "id": [Function],
        "label": [Function],
        "visible": [Function],
      },
      {
        "action": [Function],
        "enabled": [Function],
        "icon": [Function],
        "id": [Function],
        "label": [Function],
        "visible": [Function],
      },
    ],
    "icon": [Function],
    "label": [Function],
  },
  AssemblyActionGroup {
    "actions": [
      {
        "action": [Function],
        "enabled": [Function],
        "icon": [Function],
        "id": [Function],
        "label": [Function],
        "visible": [Function],
      },
      {
        "action": [Function],
        "enabled": [Function],
        "icon": [Function],
        "id": [Function],
        "label": [Function],
        "visible": [Function],
      },
      {
        "action": [Function],
        "enabled": [Function],
        "icon": [Function],
        "id": [Function],
        "label": [Function],
        "visible": [Function],
      },
      {
        "action": [Function],
        "enabled": [Function],
        "icon": [Function],
        "id": [Function],
        "label": [Function],
        "visible": [Function],
      },
      {
        "action": [Function],
        "enabled": [Function],
        "icon": [Function],
        "id": [Function],
        "label": [Function],
        "visible": [Function],
      },
    ],
    "icon": [Function],
    "label": [Function],
  },
  AssemblyActionGroup {
    "actions": [
      {
        "action": [Function],
        "enabled": [Function],
        "icon": [Function],
        "id": [Function],
        "label": [Function],
        "visible": [Function],
      },
      {
        "action": [Function],
        "enabled": [Function],
        "icon": [Function],
        "id": [Function],
        "label": [Function],
        "visible": [Function],
      },
      {
        "action": [Function],
        "enabled": [Function],
        "icon": [Function],
        "id": [Function],
        "label": [Function],
        "visible": [Function],
      },
      {
        "action": [Function],
        "enabled": [Function],
        "icon": [Function],
        "id": [Function],
        "label": [Function],
        "visible": [Function],
      },
    ],
    "icon": [Function],
    "label": [Function],
  },
  AssemblyActionGroup {
    "actions": [
      {
        "action": [Function],
        "enabled": [Function],
        "icon": [Function],
        "id": [Function],
        "label": [Function],
        "visible": [Function],
      },
      {
        "action": [Function],
        "enabled": [Function],
        "icon": [Function],
        "id": [Function],
        "label": [Function],
        "visible": [Function],
      },
      {
        "action": [Function],
        "enabled": [Function],
        "icon": [Function],
        "id": [Function],
        "label": [Function],
        "visible": [Function],
      },
    ],
    "icon": [Function],
    "label": [Function],
  },
]
`;
