// Jest Snapshot v1, https://goo.gl/fbAQLP

exports[`SelectionListActions check status of menu actions and toolbar actions of selection list in composer 1`] = `
[
  AssemblyActionGroup {
    "actions": [
      {
        "action": [Function],
        "enabled": [Function],
        "icon": [Function],
        "id": [Function],
        "label": [Function],
        "visible": [Function],
      },
      {
        "action": [Function],
        "enabled": [Function],
        "icon": [Function],
        "id": [Function],
        "label": [Function],
        "visible": [Function],
      },
      {
        "action": [Function],
        "enabled": [Function],
        "icon": [Function],
        "id": [Function],
        "label": [Function],
        "visible": [Function],
      },
    ],
    "icon": [Function],
    "label": [Function],
  },
  AssemblyActionGroup {
    "actions": [
      {
        "action": [Function],
        "enabled": [Function],
        "icon": [Function],
        "id": [Function],
        "label": [Function],
        "visible": [Function],
      },
    ],
    "icon": [Function],
    "label": [Function],
  },
  AssemblyActionGroup {
    "actions": [
      {
        "action": [Function],
        "enabled": [Function],
        "icon": [Function],
        "id": [Function],
        "label": [Function],
        "visible": [Function],
      },
      {
        "action": [Function],
        "enabled": [Function],
        "icon": [Function],
        "id": [Function],
        "label": [Function],
        "visible": [Function],
      },
    ],
    "icon": [Function],
    "label": [Function],
  },
  AssemblyActionGroup {
    "actions": [
      {
        "action": [Function],
        "enabled": [Function],
        "icon": [Function],
        "id": [Function],
        "label": [Function],
        "visible": [Function],
      },
      {
        "action": [Function],
        "enabled": [Function],
        "icon": [Function],
        "id": [Function],
        "label": [Function],
        "visible": [Function],
      },
      {
        "action": [Function],
        "enabled": [Function],
        "icon": [Function],
        "id": [Function],
        "label": [Function],
        "visible": [Function],
      },
      {
        "action": [Function],
        "enabled": [Function],
        "icon": [Function],
        "id": [Function],
        "label": [Function],
        "visible": [Function],
      },
      {
        "action": [Function],
        "enabled": [Function],
        "icon": [Function],
        "id": [Function],
        "label": [Function],
        "visible": [Function],
      },
    ],
    "icon": [Function],
    "label": [Function],
  },
  AssemblyActionGroup {
    "actions": [
      {
        "action": [Function],
        "enabled": [Function],
        "icon": [Function],
        "id": [Function],
        "label": [Function],
        "visible": [Function],
      },
      {
        "action": [Function],
        "enabled": [Function],
        "icon": [Function],
        "id": [Function],
        "label": [Function],
        "visible": [Function],
      },
      {
        "action": [Function],
        "enabled": [Function],
        "icon": [Function],
        "id": [Function],
        "label": [Function],
        "visible": [Function],
      },
      {
        "action": [Function],
        "enabled": [Function],
        "icon": [Function],
        "id": [Function],
        "label": [Function],
        "visible": [Function],
      },
    ],
    "icon": [Function],
    "label": [Function],
  },
]
`;

exports[`SelectionListActions check status of menu actions and toolbar actions of selection list in composer 2`] = `
[
  AssemblyActionGroup {
    "actions": [
      {
        "action": [Function],
        "enabled": [Function],
        "icon": [Function],
        "id": [Function],
        "label": [Function],
        "visible": [Function],
      },
    ],
    "icon": [Function],
    "label": [Function],
  },
  AssemblyActionGroup {
    "actions": [
      {
        "action": [Function],
        "enabled": [Function],
        "icon": [Function],
        "id": [Function],
        "label": [Function],
        "visible": [Function],
      },
      {
        "action": [Function],
        "enabled": [Function],
        "icon": [Function],
        "id": [Function],
        "label": [Function],
        "visible": [Function],
      },
      {
        "action": [Function],
        "enabled": [Function],
        "icon": [Function],
        "id": [Function],
        "label": [Function],
        "visible": [Function],
      },
      {
        "action": [Function],
        "enabled": [Function],
        "icon": [Function],
        "id": [Function],
        "label": [Function],
        "visible": [Function],
      },
      {
        "action": [Function],
        "enabled": [Function],
        "icon": [Function],
        "id": [Function],
        "label": [Function],
        "visible": [Function],
      },
      {
        "action": [Function],
        "enabled": [Function],
        "icon": [Function],
        "id": [Function],
        "label": [Function],
        "visible": [Function],
      },
      {
        "action": [Function],
        "enabled": [Function],
        "icon": [Function],
        "id": [Function],
        "label": [Function],
        "visible": [Function],
      },
      {
        "action": [Function],
        "enabled": [Function],
        "icon": [Function],
        "id": [Function],
        "label": [Function],
        "visible": [Function],
      },
      {
        "action": [Function],
        "enabled": [Function],
        "icon": [Function],
        "id": [Function],
        "label": [Function],
        "visible": [Function],
      },
    ],
    "icon": [Function],
    "label": [Function],
  },
  AssemblyActionGroup {
    "actions": [
      {
        "action": [Function],
        "childAction": [Function],
        "enabled": [Function],
        "icon": [Function],
        "id": [Function],
        "label": [Function],
        "visible": [Function],
      },
    ],
    "icon": [Function],
    "label": [Function],
  },
]
`;

exports[`SelectionListActions check status of menu actions and toolbar actions of selection list in composer 3`] = `
[
  AssemblyActionGroup {
    "actions": [
      {
        "action": [Function],
        "enabled": [Function],
        "icon": [Function],
        "id": [Function],
        "label": [Function],
        "visible": [Function],
      },
      {
        "action": [Function],
        "enabled": [Function],
        "icon": [Function],
        "id": [Function],
        "label": [Function],
        "visible": [Function],
      },
      {
        "action": [Function],
        "enabled": [Function],
        "icon": [Function],
        "id": [Function],
        "label": [Function],
        "visible": [Function],
      },
    ],
    "icon": [Function],
    "label": [Function],
  },
  AssemblyActionGroup {
    "actions": [
      {
        "action": [Function],
        "enabled": [Function],
        "icon": [Function],
        "id": [Function],
        "label": [Function],
        "visible": [Function],
      },
    ],
    "icon": [Function],
    "label": [Function],
  },
  AssemblyActionGroup {
    "actions": [
      {
        "action": [Function],
        "enabled": [Function],
        "icon": [Function],
        "id": [Function],
        "label": [Function],
        "visible": [Function],
      },
      {
        "action": [Function],
        "enabled": [Function],
        "icon": [Function],
        "id": [Function],
        "label": [Function],
        "visible": [Function],
      },
    ],
    "icon": [Function],
    "label": [Function],
  },
  AssemblyActionGroup {
    "actions": [
      {
        "action": [Function],
        "enabled": [Function],
        "icon": [Function],
        "id": [Function],
        "label": [Function],
        "visible": [Function],
      },
      {
        "action": [Function],
        "enabled": [Function],
        "icon": [Function],
        "id": [Function],
        "label": [Function],
        "visible": [Function],
      },
      {
        "action": [Function],
        "enabled": [Function],
        "icon": [Function],
        "id": [Function],
        "label": [Function],
        "visible": [Function],
      },
      {
        "action": [Function],
        "enabled": [Function],
        "icon": [Function],
        "id": [Function],
        "label": [Function],
        "visible": [Function],
      },
      {
        "action": [Function],
        "enabled": [Function],
        "icon": [Function],
        "id": [Function],
        "label": [Function],
        "visible": [Function],
      },
    ],
    "icon": [Function],
    "label": [Function],
  },
  AssemblyActionGroup {
    "actions": [
      {
        "action": [Function],
        "enabled": [Function],
        "icon": [Function],
        "id": [Function],
        "label": [Function],
        "visible": [Function],
      },
      {
        "action": [Function],
        "enabled": [Function],
        "icon": [Function],
        "id": [Function],
        "label": [Function],
        "visible": [Function],
      },
      {
        "action": [Function],
        "enabled": [Function],
        "icon": [Function],
        "id": [Function],
        "label": [Function],
        "visible": [Function],
      },
      {
        "action": [Function],
        "enabled": [Function],
        "icon": [Function],
        "id": [Function],
        "label": [Function],
        "visible": [Function],
      },
    ],
    "icon": [Function],
    "label": [Function],
  },
]
`;

exports[`SelectionListActions check status of menu actions and toolbar actions of selection list in composer 4`] = `
[
  AssemblyActionGroup {
    "actions": [
      {
        "action": [Function],
        "enabled": [Function],
        "icon": [Function],
        "id": [Function],
        "label": [Function],
        "visible": [Function],
      },
    ],
    "icon": [Function],
    "label": [Function],
  },
  AssemblyActionGroup {
    "actions": [
      {
        "action": [Function],
        "enabled": [Function],
        "icon": [Function],
        "id": [Function],
        "label": [Function],
        "visible": [Function],
      },
      {
        "action": [Function],
        "enabled": [Function],
        "icon": [Function],
        "id": [Function],
        "label": [Function],
        "visible": [Function],
      },
      {
        "action": [Function],
        "enabled": [Function],
        "icon": [Function],
        "id": [Function],
        "label": [Function],
        "visible": [Function],
      },
      {
        "action": [Function],
        "enabled": [Function],
        "icon": [Function],
        "id": [Function],
        "label": [Function],
        "visible": [Function],
      },
      {
        "action": [Function],
        "enabled": [Function],
        "icon": [Function],
        "id": [Function],
        "label": [Function],
        "visible": [Function],
      },
      {
        "action": [Function],
        "enabled": [Function],
        "icon": [Function],
        "id": [Function],
        "label": [Function],
        "visible": [Function],
      },
      {
        "action": [Function],
        "enabled": [Function],
        "icon": [Function],
        "id": [Function],
        "label": [Function],
        "visible": [Function],
      },
      {
        "action": [Function],
        "enabled": [Function],
        "icon": [Function],
        "id": [Function],
        "label": [Function],
        "visible": [Function],
      },
      {
        "action": [Function],
        "enabled": [Function],
        "icon": [Function],
        "id": [Function],
        "label": [Function],
        "visible": [Function],
      },
    ],
    "icon": [Function],
    "label": [Function],
  },
  AssemblyActionGroup {
    "actions": [
      {
        "action": [Function],
        "childAction": [Function],
        "enabled": [Function],
        "icon": [Function],
        "id": [Function],
        "label": [Function],
        "visible": [Function],
      },
    ],
    "icon": [Function],
    "label": [Function],
  },
]
`;

exports[`SelectionListActions check status of menu actions and toolbar actions of selection list in composer when in selection container 1`] = `
[
  AssemblyActionGroup {
    "actions": [
      {
        "action": [Function],
        "enabled": [Function],
        "icon": [Function],
        "id": [Function],
        "label": [Function],
        "visible": [Function],
      },
      {
        "action": [Function],
        "enabled": [Function],
        "icon": [Function],
        "id": [Function],
        "label": [Function],
        "visible": [Function],
      },
      {
        "action": [Function],
        "enabled": [Function],
        "icon": [Function],
        "id": [Function],
        "label": [Function],
        "visible": [Function],
      },
    ],
    "icon": [Function],
    "label": [Function],
  },
  AssemblyActionGroup {
    "actions": [
      {
        "action": [Function],
        "enabled": [Function],
        "icon": [Function],
        "id": [Function],
        "label": [Function],
        "visible": [Function],
      },
    ],
    "icon": [Function],
    "label": [Function],
  },
  AssemblyActionGroup {
    "actions": [
      {
        "action": [Function],
        "enabled": [Function],
        "icon": [Function],
        "id": [Function],
        "label": [Function],
        "visible": [Function],
      },
      {
        "action": [Function],
        "enabled": [Function],
        "icon": [Function],
        "id": [Function],
        "label": [Function],
        "visible": [Function],
      },
    ],
    "icon": [Function],
    "label": [Function],
  },
]
`;

exports[`SelectionListActions check status of menu actions and toolbar actions of selection list in composer when in selection container 2`] = `
[
  AssemblyActionGroup {
    "actions": [
      {
        "action": [Function],
        "enabled": [Function],
        "icon": [Function],
        "id": [Function],
        "label": [Function],
        "visible": [Function],
      },
      {
        "action": [Function],
        "enabled": [Function],
        "icon": [Function],
        "id": [Function],
        "label": [Function],
        "visible": [Function],
      },
      {
        "action": [Function],
        "enabled": [Function],
        "icon": [Function],
        "id": [Function],
        "label": [Function],
        "visible": [Function],
      },
      {
        "action": [Function],
        "enabled": [Function],
        "icon": [Function],
        "id": [Function],
        "label": [Function],
        "visible": [Function],
      },
      {
        "action": [Function],
        "enabled": [Function],
        "icon": [Function],
        "id": [Function],
        "label": [Function],
        "visible": [Function],
      },
      {
        "action": [Function],
        "enabled": [Function],
        "icon": [Function],
        "id": [Function],
        "label": [Function],
        "visible": [Function],
      },
      {
        "action": [Function],
        "enabled": [Function],
        "icon": [Function],
        "id": [Function],
        "label": [Function],
        "visible": [Function],
      },
      {
        "action": [Function],
        "enabled": [Function],
        "icon": [Function],
        "id": [Function],
        "label": [Function],
        "visible": [Function],
      },
      {
        "action": [Function],
        "enabled": [Function],
        "icon": [Function],
        "id": [Function],
        "label": [Function],
        "visible": [Function],
      },
    ],
    "icon": [Function],
    "label": [Function],
  },
  AssemblyActionGroup {
    "actions": [
      {
        "action": [Function],
        "enabled": [Function],
        "icon": [Function],
        "id": [Function],
        "label": [Function],
        "visible": [Function],
      },
      {
        "action": [Function],
        "enabled": [Function],
        "icon": [Function],
        "id": [Function],
        "label": [Function],
        "visible": [Function],
      },
      {
        "action": [Function],
        "enabled": [Function],
        "icon": [Function],
        "id": [Function],
        "label": [Function],
        "visible": [Function],
      },
    ],
    "icon": [Function],
    "label": [Function],
  },
  AssemblyActionGroup {
    "actions": [
      {
        "action": [Function],
        "enabled": [Function],
        "icon": [Function],
        "id": [Function],
        "label": [Function],
        "visible": [Function],
      },
    ],
    "icon": [Function],
    "label": [Function],
  },
  AssemblyActionGroup {
    "actions": [
      {
        "action": [Function],
        "enabled": [Function],
        "icon": [Function],
        "id": [Function],
        "label": [Function],
        "visible": [Function],
      },
      {
        "action": [Function],
        "enabled": [Function],
        "icon": [Function],
        "id": [Function],
        "label": [Function],
        "visible": [Function],
      },
    ],
    "icon": [Function],
    "label": [Function],
  },
]
`;

exports[`SelectionListActions check status of menu actions and toolbar actions of selection list in composer when triggered by filter 1`] = `
[
  AssemblyActionGroup {
    "actions": [
      {
        "action": [Function],
        "enabled": [Function],
        "icon": [Function],
        "id": [Function],
        "label": [Function],
        "visible": [Function],
      },
      {
        "action": [Function],
        "enabled": [Function],
        "icon": [Function],
        "id": [Function],
        "label": [Function],
        "visible": [Function],
      },
      {
        "action": [Function],
        "enabled": [Function],
        "icon": [Function],
        "id": [Function],
        "label": [Function],
        "visible": [Function],
      },
    ],
    "icon": [Function],
    "label": [Function],
  },
  AssemblyActionGroup {
    "actions": [
      {
        "action": [Function],
        "enabled": [Function],
        "icon": [Function],
        "id": [Function],
        "label": [Function],
        "visible": [Function],
      },
    ],
    "icon": [Function],
    "label": [Function],
  },
  AssemblyActionGroup {
    "actions": [
      {
        "action": [Function],
        "enabled": [Function],
        "icon": [Function],
        "id": [Function],
        "label": [Function],
        "visible": [Function],
      },
      {
        "action": [Function],
        "enabled": [Function],
        "icon": [Function],
        "id": [Function],
        "label": [Function],
        "visible": [Function],
      },
    ],
    "icon": [Function],
    "label": [Function],
  },
]
`;

exports[`SelectionListActions check status of menu actions and toolbar actions of selection list in composer when triggered by filter 2`] = `
[
  AssemblyActionGroup {
    "actions": [
      {
        "action": [Function],
        "enabled": [Function],
        "icon": [Function],
        "id": [Function],
        "label": [Function],
        "visible": [Function],
      },
    ],
    "icon": [Function],
    "label": [Function],
  },
  AssemblyActionGroup {
    "actions": [
      {
        "action": [Function],
        "enabled": [Function],
        "icon": [Function],
        "id": [Function],
        "label": [Function],
        "visible": [Function],
      },
      {
        "action": [Function],
        "enabled": [Function],
        "icon": [Function],
        "id": [Function],
        "label": [Function],
        "visible": [Function],
      },
      {
        "action": [Function],
        "enabled": [Function],
        "icon": [Function],
        "id": [Function],
        "label": [Function],
        "visible": [Function],
      },
      {
        "action": [Function],
        "enabled": [Function],
        "icon": [Function],
        "id": [Function],
        "label": [Function],
        "visible": [Function],
      },
      {
        "action": [Function],
        "enabled": [Function],
        "icon": [Function],
        "id": [Function],
        "label": [Function],
        "visible": [Function],
      },
      {
        "action": [Function],
        "enabled": [Function],
        "icon": [Function],
        "id": [Function],
        "label": [Function],
        "visible": [Function],
      },
      {
        "action": [Function],
        "enabled": [Function],
        "icon": [Function],
        "id": [Function],
        "label": [Function],
        "visible": [Function],
      },
      {
        "action": [Function],
        "enabled": [Function],
        "icon": [Function],
        "id": [Function],
        "label": [Function],
        "visible": [Function],
      },
      {
        "action": [Function],
        "enabled": [Function],
        "icon": [Function],
        "id": [Function],
        "label": [Function],
        "visible": [Function],
      },
    ],
    "icon": [Function],
    "label": [Function],
  },
  AssemblyActionGroup {
    "actions": [
      {
        "action": [Function],
        "childAction": [Function],
        "enabled": [Function],
        "icon": [Function],
        "id": [Function],
        "label": [Function],
        "visible": [Function],
      },
    ],
    "icon": [Function],
    "label": [Function],
  },
]
`;

exports[`SelectionListActions check status of menu actions and toolbar actions of selection list in viewer and preview 1`] = `
[
  AssemblyActionGroup {
    "actions": [
      {
        "action": [Function],
        "enabled": [Function],
        "icon": [Function],
        "id": [Function],
        "label": [Function],
        "visible": [Function],
      },
      {
        "action": [Function],
        "enabled": [Function],
        "icon": [Function],
        "id": [Function],
        "label": [Function],
        "visible": [Function],
      },
      {
        "action": [Function],
        "enabled": [Function],
        "icon": [Function],
        "id": [Function],
        "label": [Function],
        "visible": [Function],
      },
    ],
    "icon": [Function],
    "label": [Function],
  },
  AssemblyActionGroup {
    "actions": [
      {
        "action": [Function],
        "enabled": [Function],
        "icon": [Function],
        "id": [Function],
        "label": [Function],
        "visible": [Function],
      },
    ],
    "icon": [Function],
    "label": [Function],
  },
  AssemblyActionGroup {
    "actions": [
      {
        "action": [Function],
        "enabled": [Function],
        "icon": [Function],
        "id": [Function],
        "label": [Function],
        "visible": [Function],
      },
      {
        "action": [Function],
        "enabled": [Function],
        "icon": [Function],
        "id": [Function],
        "label": [Function],
        "visible": [Function],
      },
    ],
    "icon": [Function],
    "label": [Function],
  },
  AssemblyActionGroup {
    "actions": [
      {
        "action": [Function],
        "enabled": [Function],
        "icon": [Function],
        "id": [Function],
        "label": [Function],
        "visible": [Function],
      },
      {
        "action": [Function],
        "enabled": [Function],
        "icon": [Function],
        "id": [Function],
        "label": [Function],
        "visible": [Function],
      },
      {
        "action": [Function],
        "enabled": [Function],
        "icon": [Function],
        "id": [Function],
        "label": [Function],
        "visible": [Function],
      },
      {
        "action": [Function],
        "enabled": [Function],
        "icon": [Function],
        "id": [Function],
        "label": [Function],
        "visible": [Function],
      },
      {
        "action": [Function],
        "enabled": [Function],
        "icon": [Function],
        "id": [Function],
        "label": [Function],
        "visible": [Function],
      },
    ],
    "icon": [Function],
    "label": [Function],
  },
  AssemblyActionGroup {
    "actions": [
      {
        "action": [Function],
        "enabled": [Function],
        "icon": [Function],
        "id": [Function],
        "label": [Function],
        "visible": [Function],
      },
      {
        "action": [Function],
        "enabled": [Function],
        "icon": [Function],
        "id": [Function],
        "label": [Function],
        "visible": [Function],
      },
      {
        "action": [Function],
        "enabled": [Function],
        "icon": [Function],
        "id": [Function],
        "label": [Function],
        "visible": [Function],
      },
      {
        "action": [Function],
        "enabled": [Function],
        "icon": [Function],
        "id": [Function],
        "label": [Function],
        "visible": [Function],
      },
    ],
    "icon": [Function],
    "label": [Function],
  },
]
`;

exports[`SelectionListActions check status of menu actions and toolbar actions of selection list in viewer and preview 2`] = `
[
  AssemblyActionGroup {
    "actions": [
      {
        "action": [Function],
        "enabled": [Function],
        "icon": [Function],
        "id": [Function],
        "label": [Function],
        "visible": [Function],
      },
    ],
    "icon": [Function],
    "label": [Function],
  },
  AssemblyActionGroup {
    "actions": [
      {
        "action": [Function],
        "enabled": [Function],
        "icon": [Function],
        "id": [Function],
        "label": [Function],
        "visible": [Function],
      },
      {
        "action": [Function],
        "enabled": [Function],
        "icon": [Function],
        "id": [Function],
        "label": [Function],
        "visible": [Function],
      },
      {
        "action": [Function],
        "enabled": [Function],
        "icon": [Function],
        "id": [Function],
        "label": [Function],
        "visible": [Function],
      },
      {
        "action": [Function],
        "enabled": [Function],
        "icon": [Function],
        "id": [Function],
        "label": [Function],
        "visible": [Function],
      },
      {
        "action": [Function],
        "enabled": [Function],
        "icon": [Function],
        "id": [Function],
        "label": [Function],
        "visible": [Function],
      },
      {
        "action": [Function],
        "enabled": [Function],
        "icon": [Function],
        "id": [Function],
        "label": [Function],
        "visible": [Function],
      },
      {
        "action": [Function],
        "enabled": [Function],
        "icon": [Function],
        "id": [Function],
        "label": [Function],
        "visible": [Function],
      },
      {
        "action": [Function],
        "enabled": [Function],
        "icon": [Function],
        "id": [Function],
        "label": [Function],
        "visible": [Function],
      },
      {
        "action": [Function],
        "enabled": [Function],
        "icon": [Function],
        "id": [Function],
        "label": [Function],
        "visible": [Function],
      },
    ],
    "icon": [Function],
    "label": [Function],
  },
  AssemblyActionGroup {
    "actions": [
      {
        "action": [Function],
        "childAction": [Function],
        "enabled": [Function],
        "icon": [Function],
        "id": [Function],
        "label": [Function],
        "visible": [Function],
      },
    ],
    "icon": [Function],
    "label": [Function],
  },
]
`;

exports[`SelectionListActions check status of menu actions and toolbar actions of selection list in viewer and preview 3`] = `
[
  AssemblyActionGroup {
    "actions": [
      {
        "action": [Function],
        "enabled": [Function],
        "icon": [Function],
        "id": [Function],
        "label": [Function],
        "visible": [Function],
      },
      {
        "action": [Function],
        "enabled": [Function],
        "icon": [Function],
        "id": [Function],
        "label": [Function],
        "visible": [Function],
      },
      {
        "action": [Function],
        "enabled": [Function],
        "icon": [Function],
        "id": [Function],
        "label": [Function],
        "visible": [Function],
      },
    ],
    "icon": [Function],
    "label": [Function],
  },
  AssemblyActionGroup {
    "actions": [
      {
        "action": [Function],
        "enabled": [Function],
        "icon": [Function],
        "id": [Function],
        "label": [Function],
        "visible": [Function],
      },
    ],
    "icon": [Function],
    "label": [Function],
  },
  AssemblyActionGroup {
    "actions": [
      {
        "action": [Function],
        "enabled": [Function],
        "icon": [Function],
        "id": [Function],
        "label": [Function],
        "visible": [Function],
      },
      {
        "action": [Function],
        "enabled": [Function],
        "icon": [Function],
        "id": [Function],
        "label": [Function],
        "visible": [Function],
      },
    ],
    "icon": [Function],
    "label": [Function],
  },
  AssemblyActionGroup {
    "actions": [
      {
        "action": [Function],
        "enabled": [Function],
        "icon": [Function],
        "id": [Function],
        "label": [Function],
        "visible": [Function],
      },
      {
        "action": [Function],
        "enabled": [Function],
        "icon": [Function],
        "id": [Function],
        "label": [Function],
        "visible": [Function],
      },
      {
        "action": [Function],
        "enabled": [Function],
        "icon": [Function],
        "id": [Function],
        "label": [Function],
        "visible": [Function],
      },
      {
        "action": [Function],
        "enabled": [Function],
        "icon": [Function],
        "id": [Function],
        "label": [Function],
        "visible": [Function],
      },
      {
        "action": [Function],
        "enabled": [Function],
        "icon": [Function],
        "id": [Function],
        "label": [Function],
        "visible": [Function],
      },
    ],
    "icon": [Function],
    "label": [Function],
  },
  AssemblyActionGroup {
    "actions": [
      {
        "action": [Function],
        "enabled": [Function],
        "icon": [Function],
        "id": [Function],
        "label": [Function],
        "visible": [Function],
      },
      {
        "action": [Function],
        "enabled": [Function],
        "icon": [Function],
        "id": [Function],
        "label": [Function],
        "visible": [Function],
      },
      {
        "action": [Function],
        "enabled": [Function],
        "icon": [Function],
        "id": [Function],
        "label": [Function],
        "visible": [Function],
      },
      {
        "action": [Function],
        "enabled": [Function],
        "icon": [Function],
        "id": [Function],
        "label": [Function],
        "visible": [Function],
      },
    ],
    "icon": [Function],
    "label": [Function],
  },
]
`;

exports[`SelectionListActions check status of menu actions and toolbar actions of selection list in viewer and preview 4`] = `
[
  AssemblyActionGroup {
    "actions": [
      {
        "action": [Function],
        "enabled": [Function],
        "icon": [Function],
        "id": [Function],
        "label": [Function],
        "visible": [Function],
      },
    ],
    "icon": [Function],
    "label": [Function],
  },
  AssemblyActionGroup {
    "actions": [
      {
        "action": [Function],
        "enabled": [Function],
        "icon": [Function],
        "id": [Function],
        "label": [Function],
        "visible": [Function],
      },
      {
        "action": [Function],
        "enabled": [Function],
        "icon": [Function],
        "id": [Function],
        "label": [Function],
        "visible": [Function],
      },
      {
        "action": [Function],
        "enabled": [Function],
        "icon": [Function],
        "id": [Function],
        "label": [Function],
        "visible": [Function],
      },
      {
        "action": [Function],
        "enabled": [Function],
        "icon": [Function],
        "id": [Function],
        "label": [Function],
        "visible": [Function],
      },
      {
        "action": [Function],
        "enabled": [Function],
        "icon": [Function],
        "id": [Function],
        "label": [Function],
        "visible": [Function],
      },
      {
        "action": [Function],
        "enabled": [Function],
        "icon": [Function],
        "id": [Function],
        "label": [Function],
        "visible": [Function],
      },
      {
        "action": [Function],
        "enabled": [Function],
        "icon": [Function],
        "id": [Function],
        "label": [Function],
        "visible": [Function],
      },
      {
        "action": [Function],
        "enabled": [Function],
        "icon": [Function],
        "id": [Function],
        "label": [Function],
        "visible": [Function],
      },
      {
        "action": [Function],
        "enabled": [Function],
        "icon": [Function],
        "id": [Function],
        "label": [Function],
        "visible": [Function],
      },
    ],
    "icon": [Function],
    "label": [Function],
  },
  AssemblyActionGroup {
    "actions": [
      {
        "action": [Function],
        "childAction": [Function],
        "enabled": [Function],
        "icon": [Function],
        "id": [Function],
        "label": [Function],
        "visible": [Function],
      },
    ],
    "icon": [Function],
    "label": [Function],
  },
]
`;

exports[`SelectionListActions check status of toolbar actions of selection list in viewer when single selection 1`] = `
[
  AssemblyActionGroup {
    "actions": [
      {
        "action": [Function],
        "enabled": [Function],
        "icon": [Function],
        "id": [Function],
        "label": [Function],
        "visible": [Function],
      },
    ],
    "icon": [Function],
    "label": [Function],
  },
  AssemblyActionGroup {
    "actions": [
      {
        "action": [Function],
        "enabled": [Function],
        "icon": [Function],
        "id": [Function],
        "label": [Function],
        "visible": [Function],
      },
      {
        "action": [Function],
        "enabled": [Function],
        "icon": [Function],
        "id": [Function],
        "label": [Function],
        "visible": [Function],
      },
      {
        "action": [Function],
        "enabled": [Function],
        "icon": [Function],
        "id": [Function],
        "label": [Function],
        "visible": [Function],
      },
      {
        "action": [Function],
        "enabled": [Function],
        "icon": [Function],
        "id": [Function],
        "label": [Function],
        "visible": [Function],
      },
      {
        "action": [Function],
        "enabled": [Function],
        "icon": [Function],
        "id": [Function],
        "label": [Function],
        "visible": [Function],
      },
      {
        "action": [Function],
        "enabled": [Function],
        "icon": [Function],
        "id": [Function],
        "label": [Function],
        "visible": [Function],
      },
      {
        "action": [Function],
        "enabled": [Function],
        "icon": [Function],
        "id": [Function],
        "label": [Function],
        "visible": [Function],
      },
      {
        "action": [Function],
        "enabled": [Function],
        "icon": [Function],
        "id": [Function],
        "label": [Function],
        "visible": [Function],
      },
      {
        "action": [Function],
        "enabled": [Function],
        "icon": [Function],
        "id": [Function],
        "label": [Function],
        "visible": [Function],
      },
    ],
    "icon": [Function],
    "label": [Function],
  },
  AssemblyActionGroup {
    "actions": [
      {
        "action": [Function],
        "childAction": [Function],
        "enabled": [Function],
        "icon": [Function],
        "id": [Function],
        "label": [Function],
        "visible": [Function],
      },
    ],
    "icon": [Function],
    "label": [Function],
  },
]
`;
