// Jest Snapshot v1, https://goo.gl/fbAQLP

exports[`ViewsheetActions check status of menu actions of viewsheet in composer 1`] = `
[
  AssemblyActionGroup {
    "actions": [
      {
        "action": [Function],
        "enabled": [Function],
        "icon": [Function],
        "id": [Function],
        "label": [Function],
        "visible": [Function],
      },
    ],
    "icon": [Function],
    "label": [Function],
  },
  AssemblyActionGroup {
    "actions": [
      {
        "action": [Function],
        "enabled": [Function],
        "icon": [Function],
        "id": [Function],
        "label": [Function],
        "visible": [Function],
      },
      {
        "action": [Function],
        "enabled": [Function],
        "icon": [Function],
        "id": [Function],
        "label": [Function],
        "visible": [Function],
      },
      {
        "action": [Function],
        "enabled": [Function],
        "icon": [Function],
        "id": [Function],
        "label": [Function],
        "visible": [Function],
      },
      {
        "action": [Function],
        "enabled": [Function],
        "icon": [Function],
        "id": [Function],
        "label": [Function],
        "visible": [Function],
      },
      {
        "action": [Function],
        "enabled": [Function],
        "icon": [Function],
        "id": [Function],
        "label": [Function],
        "visible": [Function],
      },
    ],
    "icon": [Function],
    "label": [Function],
  },
  AssemblyActionGroup {
    "actions": [
      {
        "action": [Function],
        "enabled": [Function],
        "icon": [Function],
        "id": [Function],
        "label": [Function],
        "visible": [Function],
      },
      {
        "action": [Function],
        "enabled": [Function],
        "icon": [Function],
        "id": [Function],
        "label": [Function],
        "visible": [Function],
      },
      {
        "action": [Function],
        "enabled": [Function],
        "icon": [Function],
        "id": [Function],
        "label": [Function],
        "visible": [Function],
      },
      {
        "action": [Function],
        "enabled": [Function],
        "icon": [Function],
        "id": [Function],
        "label": [Function],
        "visible": [Function],
      },
    ],
    "icon": [Function],
    "label": [Function],
  },
]
`;

exports[`ViewsheetActions check status of menu actions of viewsheet in viewer and preview 1`] = `
[
  AssemblyActionGroup {
    "actions": [
      {
        "action": [Function],
        "enabled": [Function],
        "icon": [Function],
        "id": [Function],
        "label": [Function],
        "visible": [Function],
      },
    ],
    "icon": [Function],
    "label": [Function],
  },
  AssemblyActionGroup {
    "actions": [
      {
        "action": [Function],
        "enabled": [Function],
        "icon": [Function],
        "id": [Function],
        "label": [Function],
        "visible": [Function],
      },
      {
        "action": [Function],
        "enabled": [Function],
        "icon": [Function],
        "id": [Function],
        "label": [Function],
        "visible": [Function],
      },
      {
        "action": [Function],
        "enabled": [Function],
        "icon": [Function],
        "id": [Function],
        "label": [Function],
        "visible": [Function],
      },
      {
        "action": [Function],
        "enabled": [Function],
        "icon": [Function],
        "id": [Function],
        "label": [Function],
        "visible": [Function],
      },
      {
        "action": [Function],
        "enabled": [Function],
        "icon": [Function],
        "id": [Function],
        "label": [Function],
        "visible": [Function],
      },
    ],
    "icon": [Function],
    "label": [Function],
  },
  AssemblyActionGroup {
    "actions": [
      {
        "action": [Function],
        "enabled": [Function],
        "icon": [Function],
        "id": [Function],
        "label": [Function],
        "visible": [Function],
      },
      {
        "action": [Function],
        "enabled": [Function],
        "icon": [Function],
        "id": [Function],
        "label": [Function],
        "visible": [Function],
      },
      {
        "action": [Function],
        "enabled": [Function],
        "icon": [Function],
        "id": [Function],
        "label": [Function],
        "visible": [Function],
      },
      {
        "action": [Function],
        "enabled": [Function],
        "icon": [Function],
        "id": [Function],
        "label": [Function],
        "visible": [Function],
      },
    ],
    "icon": [Function],
    "label": [Function],
  },
]
`;

exports[`ViewsheetActions check status of menu actions of viewsheet in viewer and preview 2`] = `
[
  AssemblyActionGroup {
    "actions": [
      {
        "action": [Function],
        "enabled": [Function],
        "icon": [Function],
        "id": [Function],
        "label": [Function],
        "visible": [Function],
      },
    ],
    "icon": [Function],
    "label": [Function],
  },
  AssemblyActionGroup {
    "actions": [
      {
        "action": [Function],
        "enabled": [Function],
        "icon": [Function],
        "id": [Function],
        "label": [Function],
        "visible": [Function],
      },
      {
        "action": [Function],
        "enabled": [Function],
        "icon": [Function],
        "id": [Function],
        "label": [Function],
        "visible": [Function],
      },
      {
        "action": [Function],
        "enabled": [Function],
        "icon": [Function],
        "id": [Function],
        "label": [Function],
        "visible": [Function],
      },
      {
        "action": [Function],
        "enabled": [Function],
        "icon": [Function],
        "id": [Function],
        "label": [Function],
        "visible": [Function],
      },
      {
        "action": [Function],
        "enabled": [Function],
        "icon": [Function],
        "id": [Function],
        "label": [Function],
        "visible": [Function],
      },
    ],
    "icon": [Function],
    "label": [Function],
  },
  AssemblyActionGroup {
    "actions": [
      {
        "action": [Function],
        "enabled": [Function],
        "icon": [Function],
        "id": [Function],
        "label": [Function],
        "visible": [Function],
      },
      {
        "action": [Function],
        "enabled": [Function],
        "icon": [Function],
        "id": [Function],
        "label": [Function],
        "visible": [Function],
      },
      {
        "action": [Function],
        "enabled": [Function],
        "icon": [Function],
        "id": [Function],
        "label": [Function],
        "visible": [Function],
      },
      {
        "action": [Function],
        "enabled": [Function],
        "icon": [Function],
        "id": [Function],
        "label": [Function],
        "visible": [Function],
      },
    ],
    "icon": [Function],
    "label": [Function],
  },
]
`;
